lib/src/renderer/json_widget_renderer.dart:285:      'video' => _video(m),
lib/src/renderer/json_widget_renderer.dart:286:      'audio' => _audio(m),
lib/src/renderer/json_widget_renderer.dart:287:      'audio_player' => _audioPlayer(m),
---
11:dependencies:
12-  flutter:
13-    sdk: flutter
14-
15-  flutter_js: ^0.8.7
16-  # QuickJS FFI backend (VM-only, opt-in): QuickJS + C bridge with
17-  # synchronous host callbacks. Pure Dart — no Flutter SDK needed.
18-  quickjs_runtime: ^0.1.0
19-  web: ^1.1.1
20-  flutter_svg: ^2.3.0
21-  flutter_markdown_plus: ^1.0.7
22-  fl_chart: ^1.2.0
23-  path: ^1.9.1
24-  path_provider: ^2.1.3
25-
26-  # Map node renderer (OSM tiles, no API key).
27-  flutter_map: ^8.2.2
28-  latlong2: ^0.9.1
29-
30-  # 3D scene hosts (scene3d node): flutter_cube for procedural primitives and
31-  # OBJ models (cross-platform), flame_3d for GLB/GLTF with PBR materials.
32-  flutter_cube: ^0.1.1
33-  flame: ^1.38.0
34-  flame_3d: ^0.3.0
35-  vector_math: ^2.1.4
36-
--
41:dev_dependencies:
42-  flutter_test:
43-    sdk: flutter
44-  flutter_lints: ^6.0.0
45-  fake_async: ^1.3.1
46-  crap4dart: ^0.9.1
47-
48-flutter:
49-  uses-material-design: true
50-  assets:
51-    - test/assets/
