                              type: 'text', data: 'Loop track',
                              style: { color: t.text, fontSize: 14 }
                            }
                          },
                          { type: 'switch', value: state.loop, onChanged: 'toggle_loop' }
                        ]
                      }
                    ]
                  }
                }
              },
              { type: 'sizedBox', height: 14 },
              {
                type: 'text', data: 'PLAYLIST',
                style: { color: t.muted, fontSize: 11, fontWeight: 'w600', letterSpacing: 2.0 }
              },
              { type: 'sizedBox', height: 6 }
            ].concat(TRACKS.map(function(tr, i) {
              var tile = {
                type: 'listTile',
                title: (i === state.track ? '▶ ' : '') + tr.title,
                onTap: 'select:' + i
              };
              if (i === state.track) {
                tile.subtitle = state.playing ? 'Now playing' : 'Selected';
              }
              return tile;
            }))
        ]
      }
    });
  }

  jsr.onEvent(function(name, payload) {
    var value = payload && payload.value;
    if (name === 'play_pause') {
