4:homepage: https://github.com/IstiN/flutter_js_widget_runtime
5:documentation: https://github.com/IstiN/flutter_js_widget_runtime/tree/main
6-
7-environment:
8-  sdk: '>=3.12.0 <4.0.0'
9-  flutter: '>=3.19.0'
10-
11:dependencies:
12-  flutter:
13-    sdk: flutter
14-
15-  flutter_js: ^0.8.7
16-  # QuickJS FFI backend (VM-only, opt-in): QuickJS + C bridge with
17-  # synchronous host callbacks. Pure Dart — no Flutter SDK needed.
18-  quickjs_runtime: ^0.1.0
19-  web: ^1.1.1
--
41:dev_dependencies:
42-  flutter_test:
43-    sdk: flutter
44-  flutter_lints: ^6.0.0
45-  fake_async: ^1.3.1
46-  crap4dart: ^0.9.1
47-
48-flutter:
49-  uses-material-design: true
===
import 'dart:async';
import 'dart:convert';

import 'dart:js_interop';

import 'package:web/web.dart' as web;

/// Default web fetch implementation used when the host does not provide one.
Future<void> defaultWebFetchHandler(
  String id,
  String url,
  String method,
  Map<String, String> headers,
  void Function(String id, dynamic value) resolve,
) async {
  try {
    final headersMap = <String, String>{
      'Accept': 'application/json',
      ...headers,
    };
    final init = web.RequestInit(
      method: method,
      headers: headersMap.jsify() as JSObject,
    );
    final response = await web.window.fetch(url.toJS, init).toDart;
    final text = await response.text().toDart;
    final decoded = jsonDecode(text.toDart) as dynamic;
    resolve(id, decoded);
  } catch (e) {
    resolve(id, {'__error': e.toString()});
  }
}

/// Default web exec implementation — exec is unavailable on web.
Future<void> defaultWebExecHandler(
  String id,
  String cmd,
  void Function(String id, dynamic value) resolve,
) async {
  resolve(id, {'__error': 'exec is not available on web'});
}
