  /// - `children` (list): items to lay out lazily.
  /// - `shrinkWrap` (bool): size to content, default `true`.
  /// - `physics`: `'never'`, `'always'`, or `'platform'`; default `'always'`
  ///   so a bounded listView (e.g. inside a fixed-height `sizedBox`) always
  ///   scrolls. Set `shrinkWrap: false` when the list lives in a bounded
  ///   parent.
  /// - `reverse` (bool), `padding`.
  ///
  /// JS example:
  /// ```js
  /// jsr.render({
  ///   type: 'sizedBox',
  ///   height: 200,
  ///   child: {
  ///     type: 'listView',
  ///     shrinkWrap: false,
  ///     children: items.map(function (s) {
  ///       return {type: 'text', data: s};
  ///     }),
  ///   },
  /// });
  /// ```
  Widget _listView(Map<String, dynamic> m) {
    final items = m['children'] as List? ?? [];
    final shrink = jsBool(m['shrinkWrap'], true);
    final reverse = jsBool(m['reverse'], false);
    return ListView.builder(
      shrinkWrap: shrink,
      reverse: reverse,
      physics: _scrollPhysics(
        m['physics'],
        const AlwaysScrollableScrollPhysics(),
      ),
      padding: _edgeInsetsOrNull(m['padding']),
      itemCount: items.length,
      itemBuilder: (_, i) => _build(items[i]),
    );
  }

  /// Renders a `gridView` node.
  ///
  /// Props:
  /// - `children` (list): cells to lay out lazily.
  /// - `crossAxisCount` (number): columns, default 2.
  /// - `shrinkWrap` (bool): size to content, default `true` (back-compat).
  /// - `physics`: `'never'` (default, back-compat), `'always'`, or
