      });
      debugPrint('Demo load error: $e\n$st');
    }
  }

  JsRuntimeConfig _makeConfig() => JsRuntimeConfig(
    widgetId: 'demo',
    onRender: (_) {},
    onSetTitle: (_) {},
    onStorageUpdate: (_) {},
    js3dHost: createJs3dHost(),
    fetchHandler: (id, url, method, headers) async {
      // Demo fetch: only allow GET to a few public APIs used by weather/stocks.
      if (method != 'GET') {
        throw UnsupportedError('Only GET is allowed in demo');
      }
      final client = HttpClient();
      try {
        final request = await client.getUrl(Uri.parse(url));
        headers.forEach(request.headers.set);
        final response = await request.close();
