/Users/Uladzimir_Klyshevich/git/flutter_js_widget_runtime/example/widgets/audio-player/widget.js:153
        ]
        ^

SyntaxError: Unexpected token ']'
    at wrapSafe (node:internal/modules/cjs/loader:1866:18)
    at checkSyntax (node:internal/main/check_syntax:76:3)

Node.js v26.7.0
      elapsed: Math.round(state.elapsed)
    });
    jsr.render({
      type: 'container',
      color: t.bg,
      // The zero-size audio_player driver node sits inside the scrollable
      // root as its first child: the host plays `src` and follows its props.
      child: {
        type: 'listView', shrinkWrap: false, padding: [16, 24, 16, 24],
        children: [
          {
            type: 'audio_player',
            src: current().url,
            playing: state.playing,
            volume: state.volume,
            loop: state.loop,
            seekToMs: 0
          },
              {
                type: 'card', color: t.surface,
                child: {
                  type: 'container', padding: 20,
                  child: {
                    type: 'column', crossAxisAlignment: 'center',
                    children: [
                      { type: 'text', data: '🎧', style: { fontSize: 42 } },
