  final bytes = await file.readAsBytes();
  final loader = FontLoader(family)
    ..addFont(Future.value(ByteData.view(bytes.buffer)));
  await loader.load();
}

void main() {
  // Tolerant goldens: font anti-aliasing differs per platform (CoreText vs
  // FreeType). Construct from the default comparator's basedir (a directory
  // URI) so golden paths keep resolving relative to this test file.
  final basedir = (goldenFileComparator as LocalFileComparator).basedir;
  goldenFileComparator = TolerantGoldenComparator(
    basedir.resolve('goldens_test_file.dart'),
  );

  setUpAll(() async {
    if (_hasNativeLib) {
      for (final e in _widgetFiles.entries) {
        final js = File(e.value).readAsStringSync();
        final runner = await _runWidget(js, e.key);
        _trees[e.key] = runner.renders.isNotEmpty ? runner.renders.last : null;
        // Non-interactive widgets' engines are no longer needed; timers and
        // tickers must not survive into the golden pumps below.
        // Interactive (showcase) and 3D widgets' engines must stay alive:
        // the scene3d node binds the controller created during JS startup,
        // and disposing the bridge would dispose the scene before the
        // golden capture. But their JS-side RAF loops/timers keep ticking
        // and would trip the "animation still running after the tree was
        // disposed" invariant — stop them while keeping the scene alive.
        if (e.key == 'animation-showcase' ||
            e.key == 'm3-showcase' ||
            _is3dWidget(e.key)) {
          runner.stopEngineTimers();
          _runners[e.key] = runner;
          // Cube controllers run their own animation Timer outside the
          // bridge — stop it too (the scene must stay alive for the golden,
          // but nothing may keep ticking into the capture).
          for (final c in _goldenCubeHost.liveControllers.values) {
            c.stopAnimationLoop();
          }
        } else {
          await runner.dispose();
        }
      }
    }
    // Real fonts make goldens readable and reusable as README screenshots;
    // the TTF comes from the pinned Flutter SDK so it is identical on every
    // machine and the goldens stay deterministic across platforms.
    final root = Platform.environment['FLUTTER_ROOT'];
    final file = File(
      '$root/bin/cache/artifacts/material_fonts/Roboto-Regular.ttf',
    );
    if (!file.existsSync()) return;
    final bytes = await file.readAsBytes();
    final loader = FontLoader('Roboto')
      ..addFont(Future.value(ByteData.view(bytes.buffer)));
    await loader.load();
    // MaterialIcons: without it every Icon renders the broken-image
    // placeholder (box with an X) in tests — the icon font is not part of
    // the default test environment.
    final icons = File(
      '$root/bin/cache/artifacts/material_fonts/MaterialIcons-Regular.otf',
    );
    if (!icons.existsSync()) return;
    final iconBytes = await icons.readAsBytes();
    final iconLoader = FontLoader('MaterialIcons')
      ..addFont(Future.value(ByteData.view(iconBytes.buffer)));
    await iconLoader.load();
    // Emoji: widgets render emoji in text nodes; NotoEmoji (monochrome,
    // committed under test/golden/) keeps the glyphs identical on every
    // platform — color emoji fonts differ between macOS and Linux and
    // would break the goldens.
    await _loadCommittedFont('test/golden/NotoEmoji-Regular.ttf', 'NotoEmoji');
    // U+232B (backspace) & friends live in the symbols block, not emoji.
    await _loadCommittedFont(
      'test/golden/NotoSansSymbols2-Regular.ttf', 'NotoSansSymbols2');
  });


  for (final entry in _widgetFiles.entries) {
    testWidgets('example widget ${entry.key} renders its first frame',
        (tester) async {
      if (!_hasNativeLib) {
        markTestSkipped('QuickJS native library not built');
      }
      await tester.binding.setSurfaceSize(const Size(420, 860));

      final tree = _trees[entry.key];
      expect(tree, isNotNull, reason: '${entry.key} never called jsr.render');

      await tester.pumpWidget(_host(tree, entry.key));
