import 'package:flutter/material.dart';

import 'package:js_widget_runtime/src/renderer/media/js_media_controller.dart';
import 'package:js_widget_runtime/src/renderer/media/js_media_controller_mixin.dart';
import 'package:js_widget_runtime/src/renderer/media/js_media_controls.dart';
import 'package:js_widget_runtime/src/renderer/media/js_media_host.dart';

/// Host-provided video widget rendered for `type: 'video'` nodes when a
/// [JsMediaHost] is configured.
///
/// Supported node props:
/// - `src` (String, required): file path or URL.
/// - `autoPlay` (bool, default false)
/// - `loop` (bool, default false)
/// - `controls` (bool, default true)
/// - `fit` (`cover`/`contain`/`fill`/`fitWidth`/`fitHeight`/`none`, default `contain`)
/// - `width` / `height`: optional explicit size.
class JsVideoWidget extends StatefulWidget {
  const JsVideoWidget({
    super.key,
    required this.host,
    required this.node,
  });

  final JsMediaHost host;
  final Map<String, dynamic> node;

  @override
  State<JsVideoWidget> createState() => _JsVideoWidgetState();
}

class _JsVideoWidgetState extends State<JsVideoWidget>
    with JsMediaControllerMixin<JsVideoController, JsVideoWidget> {
  double? _aspectRatio;

  @override
  String get src =>
      (widget.node['src'] as String?) ?? (widget.node['url'] as String?) ?? '';

  @override
  bool get autoPlay => widget.node['autoPlay'] == true;

  @override
  bool get loop => widget.node['loop'] == true;

  bool get _controls => widget.node['controls'] != false;

  BoxFit get _fit => _parseBoxFit(widget.node['fit'] as String?);

  double? get _width => _doubleOrNull(widget.node['width']);

  double? get _height => _doubleOrNull(widget.node['height']);

  @override
  JsVideoController createController(String src) =>
  double? get aspectRatio;

  /// Stream of aspect ratio updates.
  Stream<double?> get aspectRatioStream;

  /// Builds the actual video surface widget.
  ///
  /// The host implementation returns the platform-specific player surface
  /// (e.g. `media_kit` [Video] widget).
  Widget buildVideo(
    BuildContext context, {
    BoxFit fit = BoxFit.contain,
    double? width,
    double? height,
  });
}

/// Controller for audio nodes.
abstract class JsAudioController extends JsMediaController {}
