M  README.md
M  doc/widgets/m3-controls.png
M  doc/widgets/m3-date.png
M  doc/widgets/m3-dialog.png
M  doc/widgets/m3-dismiss.png
M  doc/widgets/m3-fab.png
M  doc/widgets/m3-nav.png
M  doc/widgets/m3-sheet.png
M  doc/widgets/m3-showcase.png
M  doc/widgets/m3-snack.png
M  doc/widgets/m3-time.png
M  example/widgets/m3-showcase/manifest.json
M  example/widgets/m3-showcase/widget.js
M  test/golden/goldens/m3-controls.png
M  test/golden/goldens/m3-date.png
M  test/golden/goldens/m3-dialog.png
M  test/golden/goldens/m3-dismiss.png
M  test/golden/goldens/m3-fab.png
M  test/golden/goldens/m3-nav.png
M  test/golden/goldens/m3-sheet.png
M  test/golden/goldens/m3-showcase.png
M  test/golden/goldens/m3-snack.png
M  test/golden/goldens/m3-time.png
M  test/m3_showcase_logic_test.dart
