js_m3_nodes_test.dart
js_m3_overlay_nodes_test.dart
m3_showcase_logic_test.dart
20:    test('initial state has defaults', () {
21:      expect(h.state!['nav'], 0);
22:      expect(h.state!['seg'], 'week');
23:      expect(h.state!['radio'], 'standard');
24:      expect(h.state!['created'], 0);
25:      expect(h.state!['banner'], isTrue);
30:      expect(h.state!['banner'], isFalse);
35:      expect(h.state!['created'], 1);
37:      expect(h.state!['created'], 2);
39:      expect(h.state!['created'], 1);
43:      await h.callEvent('nav_changed', payload: {'value': 1});
44:      expect(h.state!['nav'], 1);
45:      await h.callEvent('nav_changed', payload: {'value': 2});
46:      expect(h.state!['nav'], 2);
50:      await h.callEvent('seg_changed', payload: {'value': 'day'});
51:      expect(h.state!['seg'], 'day');
52:      await h.callEvent('seg_changed', payload: {'value': 'month'});
53:      expect(h.state!['seg'], 'month');
58:      expect(h.state!['radio'], 'compact');
60:      expect(h.state!['radio'], 'standard');
