/// Run JavaScript widgets as Flutter widgets.
library;

export 'src/loader/asset_widget_file_reader.dart' show AssetWidgetFileReader;
export 'src/loader/widget_file_reader.dart'
    show WidgetFileReader, MemoryWidgetFileReader;
export 'src/model/js_runtime_config.dart';
export 'src/model/widget_manifest.dart' show WidgetManifest;
export 'src/renderer/json_widget_renderer.dart' show JsonWidgetRenderer;
export 'src/renderer/external_asset_resolver.dart' show ExternalAssetResolver;
export 'src/renderer/flame_asset_bundle.dart' show jsrSetFlameAssetBundle;
export 'src/renderer/font/js_font_loader.dart' show JsFontLoader;
export 'src/renderer/font/js_font_resolver.dart' show JsFontResolver;
export 'src/renderer/json_widget_theme.dart' show JsonWidgetTheme;
export 'src/renderer/headless_scroll_behavior.dart'
    show HeadlessScrollBehavior, HeadlessScrollPhysics;
export 'src/renderer/nodes/hosts/cube_3d_host.dart'
    show Cube3dHost, Cube3dController, createCube3dHost;
export 'src/renderer/nodes/hosts/dispatcher_3d_host.dart'
    show Js3dDispatcherHost, createJs3dHost;
export 'src/renderer/nodes/hosts/flame_3d_host.dart'
    show Flame3dHost, Flame3dController, JsFlame3dGame, createFlame3dHost;
export 'src/renderer/nodes/hosts/js_3d_capture_sync.dart' show Js3dCaptureSync;
export 'src/renderer/nodes/js_3d_host.dart'
    show
        Js3dHost,
        Js3dController,
        Js3dCommand,
        Js3dControllerRegistry,
        RefCountedJs3dController;
export 'src/renderer/nodes/js_scene3d_mesh_node.dart'
    show
        JsScene3dMeshNode,
        Scene3dMesh,
        Scene3dCamera,
        Scene3dConfig,
        Scene3dProjector,
        Scene3dMeshPainter,
        parseScene3dConfig;
export 'src/renderer/media/js_media_controller.dart'
    show JsMediaController, JsVideoController, JsAudioController;
export 'src/renderer/media/js_media_host.dart' show JsMediaHost;
export 'src/renderer/media/js_video_widget.dart' show JsVideoWidget;
export 'src/renderer/media/js_audio_widget.dart' show JsAudioWidget;
export 'src/renderer/media/js_audio_player_widget.dart'
    show JsAudioPlayerWidget;
export 'src/renderer/ui_view_bindings.dart' show UiViewBindings;
export 'src/renderer/ui_view_field_registry.dart' show UiViewFieldRegistry;
export 'src/renderer/ui_view_tree_normalizer.dart' show UiViewTreeNormalizer;
export 'src/runtime/js_widget_engine.dart' show JsWidgetEngine;
export 'src/runtime/js_widget_engine_backend.dart' show JsWidgetEngineBackend;
export 'src/runtime/js_widget_bridge.dart'
    show
        JsWidgetBridge,
        JsResolveCallback,
        JsFetchHandler,
        JsSecretsReadHandler,
        JsSecretsWriteHandler,
        JsLoadAssetHandler,
        JsExecHandler,
        JsIntervalTickHandler,
        JsRafTickHandler;
export 'src/widgets/js_widget_app.dart' show JsWidgetApp;
export 'src/widgets/js_keyboard_capture.dart' show JsKeyboardCapture;
export 'src/widgets/js_widget_demo_menu.dart' show JsWidgetDemoMenu;
export 'src/widgets/js_widget_runtime_widget.dart' show JsWidgetRuntimeWidget;
lib/src/renderer/nodes/hosts/cube_3d_host.dart:5:import 'package:flutter_cube/flutter_cube.dart' as cube;
lib/src/renderer/nodes/hosts/flame_3d_host.dart:5:import 'package:flame_3d/camera.dart';
lib/src/renderer/nodes/hosts/flame_3d_host.dart:6:import 'package:flame_3d/components.dart';
lib/src/renderer/nodes/hosts/flame_3d_host.dart:7:import 'package:flame_3d/game.dart';
lib/src/renderer/nodes/hosts/flame_3d_host.dart:8:import 'package:flame_3d/graphics.dart';
lib/src/renderer/nodes/hosts/flame_3d_host.dart:9:import 'package:flame_3d/model.dart';
lib/src/renderer/nodes/hosts/flame_3d_host.dart:10:import 'package:flame_3d/parser.dart';
lib/src/renderer/nodes/hosts/flame_3d_host.dart:11:import 'package:flame_3d/resources.dart';
lib/src/renderer/nodes/hosts/js_3d_host_utils.dart:3:import 'package:flame_3d/model.dart';
lib/src/renderer/nodes/hosts/js_3d_host_utils.dart:4:import 'package:flame_3d/resources.dart';
