24:    test('copyWith overrides values', () {
25:      final config = makeConfig().copyWith(
41:    test('copyWith keeps original values when null', () {
42:      final original = makeConfig().copyWith(widgetId: 'w2');
43:      final copy = original.copyWith();
    test('copyWith overrides values', () {
      final config = makeConfig().copyWith(
        widgetId: 'w1',
        appDir: '/tmp/widgets',
        initialTheme: const {'isDark': false},
        initialStorage: const {'k': 'v'},
        hostBootstrapJs: 'jsr.yoloit = {};',
        onLog: (msg) {},
      );
      expect(config.widgetId, 'w1');
      expect(config.appDir, '/tmp/widgets');
      expect(config.initialTheme['isDark'], false);
      expect(config.initialStorage['k'], 'v');
      expect(config.hostBootstrapJs, 'jsr.yoloit = {};');
      expect(config.onLog, isNotNull);
    });

    test('copyWith keeps original values when null', () {
      final original = makeConfig().copyWith(widgetId: 'w2');
      final copy = original.copyWith();
      expect(copy.widgetId, 'w2');
