import 'package:flutter_test/flutter_test.dart';
import 'package:js_widget_runtime/js_widget_runtime.dart';

void main() {
  group('JsRuntimeConfig', () {
    JsRuntimeConfig makeConfig() {
      return JsRuntimeConfig(
        onRender: (tree) {},
        onSetTitle: (title) {},
        onStorageUpdate: (storage) {},
      );
    }

    test('defaults are populated', () {
      final config = makeConfig();
      expect(config.widgetId, 'default');
      expect(config.appDir, isNull);
      expect(config.initialTheme, isA<Map<String, dynamic>>());
      expect(config.initialStorage, isEmpty);
      expect(config.hostBootstrapJs, isNull);
      expect(config.backend, isNull);
    });

