import 'dart:async';
import 'dart:typed_data';
import 'dart:ui' show ImageFilter;

import 'package:fl_chart/fl_chart.dart';
import 'package:flutter/material.dart';
import 'package:flutter_map/flutter_map.dart' show TileProvider;
import 'package:flutter_markdown_plus/flutter_markdown_plus.dart';
import 'package:flutter_svg/flutter_svg.dart';

import 'package:js_widget_runtime/src/renderer/external_asset_resolver.dart';
import 'package:js_widget_runtime/src/renderer/font/js_font_loader.dart';
import 'package:js_widget_runtime/src/renderer/font/js_font_resolver.dart';
import 'package:js_widget_runtime/src/renderer/json_widget_theme.dart';
import 'package:js_widget_runtime/src/renderer/media/js_audio_player_widget.dart';
import 'package:js_widget_runtime/src/renderer/media/js_audio_widget.dart';
import 'package:js_widget_runtime/src/renderer/media/js_media_host.dart';
import 'package:js_widget_runtime/src/renderer/media/js_video_widget.dart';
import 'package:js_widget_runtime/src/renderer/nodes/image_provider_resolver_stub.dart'
    if (dart.library.io) 'package:js_widget_runtime/src/renderer/nodes/image_provider_resolver_io.dart'
    if (dart.library.html) 'package:js_widget_runtime/src/renderer/nodes/image_provider_resolver_web.dart';
import 'package:js_widget_runtime/src/renderer/nodes/js_3d_host.dart';
import 'package:js_widget_runtime/src/renderer/nodes/js_animation_nodes.dart';
import 'package:js_widget_runtime/src/renderer/nodes/js_map_node.dart';
import 'package:js_widget_runtime/src/renderer/nodes/js_node_helpers.dart';
import 'package:js_widget_runtime/src/renderer/nodes/js_path_node.dart';
import 'package:js_widget_runtime/src/renderer/nodes/js_scene3d_mesh_node.dart';
import 'package:js_widget_runtime/src/renderer/nodes/js_scene3d_node.dart';
import 'package:js_widget_runtime/src/renderer/ui_view_field_registry.dart';

