diff --git a/example/macos/Flutter/ephemeral/Flutter-Generated.xcconfig b/example/macos/Flutter/ephemeral/Flutter-Generated.xcconfig
index 43ad509..c8c8c5b 100644
--- a/example/macos/Flutter/ephemeral/Flutter-Generated.xcconfig
+++ b/example/macos/Flutter/ephemeral/Flutter-Generated.xcconfig
@@ -3,12 +3,10 @@ FLUTTER_ROOT=/Users/Uladzimir_Klyshevich/development/flutter
 FLUTTER_APPLICATION_PATH=/Users/Uladzimir_Klyshevich/git/flutter_js_widget_runtime/example
 FLUTTER_FRAMEWORK_SWIFT_PACKAGE_PATH=/Users/Uladzimir_Klyshevich/git/flutter_js_widget_runtime/example/macos/Flutter/ephemeral/Packages/.packages/FlutterFramework
 COCOAPODS_PARALLEL_CODE_SIGN=true
-FLUTTER_TARGET=lib/screenshot.dart
 FLUTTER_BUILD_DIR=build
 FLUTTER_BUILD_NAME=0.1.0
 FLUTTER_BUILD_NUMBER=0.1.0
-DART_DEFINES=RkxVVFRFUl9WRVJTSU9OPTMuNDQuNA==,RkxVVFRFUl9DSEFOTkVMPXN0YWJsZQ==,RkxVVFRFUl9HSVRfVVJMPWh0dHBzOi8vZ2l0aHViLmNvbS9mbHV0dGVyL2ZsdXR0ZXIuZ2l0,RkxVVFRFUl9GUkFNRVdPUktfUkVWSVNJT049YWQ3MGVjNDYxNw==,RkxVVFRFUl9FTkdJTkVfUkVWSVNJT049YTEwZDhhYzM4ZA==,RkxVVFRFUl9EQVJUX1ZFUlNJT049My4xMi4y
 DART_OBFUSCATION=false
 TRACK_WIDGET_CREATION=true
 TREE_SHAKE_ICONS=false
-PACKAGE_CONFIG=/Users/Uladzimir_Klyshevich/git/flutter_js_widget_runtime/example/.dart_tool/package_config.json
+PACKAGE_CONFIG=.dart_tool/package_config.json
diff --git a/example/macos/Flutter/ephemeral/flutter_export_environment.sh b/example/macos/Flutter/ephemeral/flutter_export_environment.sh
index 994f3dd..4b6b511 100755
diff --git a/example/.metadata b/example/.metadata
index 991a499..43eb3a0 100644
--- a/example/.metadata
+++ b/example/.metadata
@@ -5,7 +5,7 @@
 
 version:
   revision: "ad70ec4617166f1c38e5d2bfd388af71fda14f06"
-  channel: "stable"
+  channel: "[user-branch]"
 
 project_type: app
 
@@ -15,7 +15,7 @@ migration:
     - platform: root
       create_revision: ad70ec4617166f1c38e5d2bfd388af71fda14f06
       base_revision: ad70ec4617166f1c38e5d2bfd388af71fda14f06
-    - platform: macos
+    - platform: web
       create_revision: ad70ec4617166f1c38e5d2bfd388af71fda14f06
       base_revision: ad70ec4617166f1c38e5d2bfd388af71fda14f06
 
