m3-controls.png
m3-date.png
m3-dialog.png
m3-dismiss.png
m3-fab.png
m3-nav.png
m3-sheet.png
m3-showcase.png
m3-snack.png
m3-time.png
---
55:  'm3-showcase': 'example/widgets/m3-showcase/widget.js',
81:/// Interactive states of m3-showcase captured as extra golden frames —
85:const _m3Taps = {
104:/// m3-showcase overlay frames: bottomSheet/dialog/snackBar open with an
107:const _m3OverlayTaps = {
359:            e.key == 'm3-showcase' ||
466:  // Interactive m3-showcase walk: fire payload-less actions and capture the
468:  for (final tap in _m3Taps.entries) {
469:    testWidgets('m3-showcase state ${tap.key}', (tester) async {
475:      final runner = _runners['m3-showcase'];
---
3:version: 0.4.79
---
