lib/src/renderer/nodes/js_layout_nodes.dart-112-        child = ClipRRect(borderRadius: radius, child: child);
lib/src/renderer/nodes/js_layout_nodes.dart-113-      }
lib/src/renderer/nodes/js_layout_nodes.dart-114-    }
lib/src/renderer/nodes/js_layout_nodes.dart-115-    return child;
lib/src/renderer/nodes/js_layout_nodes.dart-116-  }
lib/src/renderer/nodes/js_layout_nodes.dart-117-
lib/src/renderer/nodes/js_layout_nodes.dart-118-  /// Builds a [Container] or [AnimatedContainer] from the shared box props
lib/src/renderer/nodes/js_layout_nodes.dart-119-  /// (`width/height/padding/margin/alignment/decoration/transform/child`).
lib/src/renderer/nodes/js_layout_nodes.dart:120:  Widget _buildBox(
lib/src/renderer/nodes/js_layout_nodes.dart-121-    Widget Function({
lib/src/renderer/nodes/js_layout_nodes.dart-122-      double? width,
lib/src/renderer/nodes/js_layout_nodes.dart-123-      double? height,
lib/src/renderer/nodes/js_layout_nodes.dart-124-      EdgeInsetsGeometry? padding,
lib/src/renderer/nodes/js_layout_nodes.dart-125-      EdgeInsetsGeometry? margin,
lib/src/renderer/nodes/js_layout_nodes.dart-126-      Alignment? alignment,
lib/src/renderer/nodes/js_layout_nodes.dart-127-      Decoration? decoration,
lib/src/renderer/nodes/js_layout_nodes.dart-128-      Matrix4? transform,
lib/src/renderer/nodes/js_layout_nodes.dart-129-      Widget? child,
lib/src/renderer/nodes/js_layout_nodes.dart-130-    }) ctor,
lib/src/renderer/nodes/js_layout_nodes.dart-131-    Map<String, dynamic> m,
lib/src/renderer/nodes/js_layout_nodes.dart-132-  ) {
lib/src/renderer/nodes/js_layout_nodes.dart-133-    final p = _containerProps(m);
lib/src/renderer/nodes/js_layout_nodes.dart-134-    return ctor(
lib/src/renderer/nodes/js_layout_nodes.dart-135-      width: p.width,
lib/src/renderer/nodes/js_layout_nodes.dart-136-      height: p.height,
lib/src/renderer/nodes/js_layout_nodes.dart-137-      padding: p.padding,
lib/src/renderer/nodes/js_layout_nodes.dart-138-      margin: p.margin,
lib/src/renderer/nodes/js_layout_nodes.dart-139-      alignment: p.alignment,
