      // This avoids a double application of offsetX/Y, scale, rotation,
      // opacity and blur when the custom builder already handles them.
      return Builder(
        builder: (context) {
          final built = custom(context, m);
          return _applyUniversalEffects(built, m);
        },
      );
    }

    final child = switch (type) {
      'column' => _column(m),
      'row' => _row(m),
      'stack' => _stack(m),
      'center' => Center(child: _child(m)),
      'align' => _align(m),
      'expanded' => Expanded(flex: _int(m['flex'], 1), child: _child(m)!),
      'flexible' => Flexible(flex: _int(m['flex'], 1), child: _child(m)!),
      'wrap' => _wrap(m),
      'padding' => Padding(
        padding: _edgeInsets(m['padding']),
        child: _child(m),
      ),
      'sizedBox' => _sizedBox(m),
      'spacer' => Spacer(flex: _int(m['flex'], 1)),
      'safeArea' => SafeArea(child: _child(m) ?? const SizedBox()),
      'text' => _text(m),
      'icon' => _icon(m),
      'divider' => _divider(m),
      'circularProgressIndicator' => _spinner(m),
      'linearProgressIndicator' => _linearProgress(m),
      'container' => _container(m),
      'card' => _card(m),
      'inkWell' => _inkWell(m),
      'scroll' => _scroll(m),
      'listView' => _listView(m),
      'gridView' => _gridView(m),
      'listTile' => _listTile(m),
      'markdown' => _markdown(m),
      'circleAvatar' => _circleAvatar(m),
      'chip' => _chip(m),
      'badge' => _badge(m),
      'switch' => _switchNode(m),
      'checkbox' => _checkboxNode(m),
      'slider' => _sliderNode(m),
      'dropdown' => _dropdown(m),
      'button' => _elevatedButton(m),
      'textButton' => _textButton(m),
      'outlinedButton' => _outlinedButton(m),
      'iconButton' => _iconButton(m),
      // Material 3 nodes
      'appBar' => _appBarNode(m),
      'navigationBar' => _navigationBarNode(m),
      'tabBar' => _tabBarNode(m),
      'fab' => _fabNode(m),
      'segmentedButton' => _segmentedButtonNode(m),
      'radio' => _radioNode(m),
      'searchBar' => _searchBarNode(m),
      'tooltip' => _tooltipNode(m),
      'popupMenu' => _popupMenuNode(m),
      'banner' => _bannerNode(m),
      'bottomAppBar' => _bottomAppBarNode(m),
      'bottomSheet' => _bottomSheetNode(m),
      'dialog' => _dialogNode(m),
      'snackBar' => _snackBarNode(m),
      'navigationRail' => _navigationRailNode(m),
      'carousel' => _carouselNode(m),
      'image' => _image(m),
      'svg' => _svg(m),
      'aspectRatio' => _aspectRatio(m),
      // `opacity` is now handled by universal effect props; keep the node
      // type as a thin wrapper so existing JSON trees still work.
      'opacity' => _child(m) ?? const SizedBox.shrink(),
      'clipRRect' => _clipRRect(m),
      'textField' => _textFieldNode(m),
      'textArea' => _textAreaNode(m),
      'chart' => _chartNode(m),
      'flChart' => _flChartNode(m),
      'datePicker' => _datePickerNode(m),
      'timePicker' => _timePickerNode(m),
      'drawer' => _drawerNode(m),
      'blur' => _applyBlur(_child(m) ?? const SizedBox.shrink(), m['sigma']),

      // Animated widgets (implicit animations)
      'animatedContainer' => _animatedContainer(m),
      'animatedOpacity' => _animatedOpacity(m),
